 CTest

 Timestamp is 5bfe92b5 (Wed Nov 28 21:05:57 2018)

 Preferred load address is 00400000

 Start         Length     Name                   Class
 0001:00000000 00010000H .textbss                DATA
 0002:00000000 0000517bH .text$mn                CODE
 0003:00000000 00000104H .CRT$XCA                DATA
 0003:00000104 00000104H .CRT$XCAA               DATA
 0003:00000208 00000104H .CRT$XCZ                DATA
 0003:0000030c 00000104H .CRT$XIA                DATA
 0003:00000410 00000104H .CRT$XIAA               DATA
 0003:00000514 00000104H .CRT$XIAC               DATA
 0003:00000618 00000104H .CRT$XIZ                DATA
 0003:0000071c 00000104H .CRT$XPA                DATA
 0003:00000820 00000104H .CRT$XPZ                DATA
 0003:00000924 00000104H .CRT$XTA                DATA
 0003:00000a28 00000108H .CRT$XTZ                DATA
 0003:00000b30 00000becH .rdata                  DATA
 0003:0000171c 0000016cH .rdata$zzzdbg           DATA
 0003:00001888 00000104H .rtc$IAA                DATA
 0003:0000198c 00000104H .rtc$IMZ                DATA
 0003:00001a90 00000104H .rtc$IZZ                DATA
 0003:00001b94 00000104H .rtc$TAA                DATA
 0003:00001c98 00000104H .rtc$TMZ                DATA
 0003:00001d9c 00000104H .rtc$TZZ                DATA
 0003:00001ea0 00000169H .xdata$x                DATA
 0003:00002009 00000000H .edata                  DATA
 0004:00000000 00000138H .data                   DATA
 0004:00000138 00000480H .bss                    DATA
 0005:00000000 000001bcH .idata$5                DATA
 0005:000001bc 0000003cH .idata$2                DATA
 0005:000001f8 00000014H .idata$3                DATA
 0005:0000020c 000001bcH .idata$4                DATA
 0005:000003c8 000006cdH .idata$6                DATA
 0006:00000000 00000104H .msvcjmc                DATA
 0007:00000000 00000104H .00cfg                  DATA
 0008:00000000 00000170H .rsrc$01                DATA
 0008:00000170 000002ccH .rsrc$02                DATA

  Address         Publics by Value              Rva+Base       Lib:Object

 0000:00000000       ___guard_iat_table         00000000     <absolute>
 0000:00000000       ___hybrid_code_map_count   00000000     <absolute>
 0000:00000000       ___hybrid_code_map         00000000     <absolute>
 0000:00000000       ___hybrid_auxiliary_iat    00000000     <absolute>
 0000:00000000       ___guard_iat_count         00000000     <absolute>
 0000:00000000       ___safe_se_handler_count   00000000     <absolute>
 0000:00000000       ___guard_longjmp_table     00000000     <absolute>
 0000:00000000       ___safe_se_handler_table   00000000     <absolute>
 0000:00000000       ___guard_fids_count        00000000     <absolute>
 0000:00000000       ___volatile_metadata       00000000     <absolute>
 0000:00000000       ___guard_fids_table        00000000     <absolute>
 0000:00000000       ___dynamic_value_reloc_table 00000000     <absolute>
 0000:00000000       ___enclave_config          00000000     <absolute>
 0000:00000000       ___guard_longjmp_count     00000000     <absolute>
 0000:00000100       ___guard_flags             00000100     <absolute>
 0000:00000000       ___ImageBase               00400000     <linker-defined>
 0001:00000000       __enc$textbss$begin        00401000     <linker-defined>
 0001:00010000       __enc$textbss$end          00411000     <linker-defined>
 0002:00000710       __JustMyCode_Default       00411710 f i add.obj
 0002:00000720       ___local_stdio_printf_options 00411720 f i add.obj
 0002:00000780       __vfprintf_l               00411780 f i add.obj
 0002:000007f0       _main                      004117f0 f   add.obj
 0002:00000870       _printf                    00411870 f i add.obj
 0002:00000910       @__CheckForDebuggerJustMyCode@4 00411910 f   MSVCRTD:debugger_jmc.obj
 0002:00000960       @_RTC_AllocaHelper@12      00411960 f   MSVCRTD:stack.obj
 0002:000009a0       @_RTC_CheckStackVars2@12   004119a0 f   MSVCRTD:stack.obj
 0002:00000ac0       @_RTC_CheckStackVars@8     00411ac0 f   MSVCRTD:stack.obj
 0002:00000b40       __RTC_CheckEsp             00411b40 f   MSVCRTD:stack.obj
 0002:00000b80       __CRT_RTC_INIT             00411b80 f   MSVCRTD:init.obj
 0002:00000b90       __CRT_RTC_INITW            00411b90 f   MSVCRTD:init.obj
 0002:00000ba0       __RTC_InitBase             00411ba0 f   MSVCRTD:init.obj
 0002:00000be0       __RTC_Shutdown             00411be0 f   MSVCRTD:init.obj
 0002:00000fd0       ?configure_argv@__scrt_narrow_argv_policy@@SAHXZ 00411fd0 f i MSVCRTD:exe_main.obj
 0002:00000ff0       ?initialize_environment@__scrt_narrow_environment_policy@@SAHXZ 00411ff0 f i MSVCRTD:exe_main.obj
 0002:00001030       ?set_app_type@__scrt_main_policy@@SAXXZ 00412030 f i MSVCRTD:exe_main.obj
 0002:00001050       ?set_commode@__scrt_file_policy@@SAXXZ 00412050 f i MSVCRTD:exe_main.obj
 0002:00001070       ?set_fmode@__scrt_file_policy@@SAXXZ 00412070 f i MSVCRTD:exe_main.obj
 0002:00001090       _mainCRTStartup            00412090 f   MSVCRTD:exe_main.obj
 0002:00001150       ?_RTC_AllocaFailure@@YAXPAXPAU_RTC_ALLOCA_NODE@@H@Z 00412150 f   MSVCRTD:error.obj
 0002:00001270       ?_RTC_Failure@@YAXPAXH@Z   00412270 f   MSVCRTD:error.obj
 0002:000012e0       ?_RTC_StackFailure@@YAXPAXPBD@Z 004122e0 f   MSVCRTD:error.obj
 0002:00001790       __RTC_UninitUse            00412790 f   MSVCRTD:error.obj
 0002:00001870       __vsprintf_s_l             00412870 f i MSVCRTD:error.obj
 0002:000018b0       _sprintf_s                 004128b0 f i MSVCRTD:error.obj
 0002:000018e0       ?_RTC_GetErrorFunc@@YAP6AHHPBDH00ZZPBX@Z 004128e0 f   MSVCRTD:userapi.obj
 0002:000018f0       ?_RTC_GetErrorFuncW@@YAP6AHHPB_WH00ZZPBX@Z 004128f0 f   MSVCRTD:userapi.obj
 0002:00001900       __RTC_GetErrDesc           00412900 f   MSVCRTD:userapi.obj
 0002:00001920       __RTC_NumErrors            00412920 f   MSVCRTD:userapi.obj
 0002:00001930       __RTC_SetErrorFunc         00412930 f   MSVCRTD:userapi.obj
 0002:00001960       __RTC_SetErrorFuncW        00412960 f   MSVCRTD:userapi.obj
 0002:00001990       __RTC_SetErrorType         00412990 f   MSVCRTD:userapi.obj
 0002:000019c0       ??$__crt_fast_decode_pointer@PAP6AXXZ@@YAPAP6AXXZQAP6AXXZ@Z 004129c0 f i MSVCRTD:utility.obj
 0002:000019f0       ??$__crt_fast_encode_pointer@PAP6AXXZ@@YAPAP6AXXZQAP6AXXZ@Z 004129f0 f i MSVCRTD:utility.obj
 0002:00001a30       ?__crt_rotate_pointer_value@@YAIIH@Z 00412a30 f i MSVCRTD:utility.obj
 0002:00001b80       _NtCurrentTeb              00412b80 f i MSVCRTD:utility.obj
 0002:00001b90       ___scrt_acquire_startup_lock 00412b90 f   MSVCRTD:utility.obj
 0002:00001bf0       ___scrt_dllmain_after_initialize_c 00412bf0 f   MSVCRTD:utility.obj
 0002:00001c30       ___scrt_dllmain_before_initialize_c 00412c30 f   MSVCRTD:utility.obj
 0002:00001c60       ___scrt_dllmain_crt_thread_attach 00412c60 f   MSVCRTD:utility.obj
 0002:00001ca0       ___scrt_dllmain_crt_thread_detach 00412ca0 f   MSVCRTD:utility.obj
 0002:00001cc0       ___scrt_dllmain_exception_filter 00412cc0 f   MSVCRTD:utility.obj
 0002:00001d20       ___scrt_dllmain_uninitialize_c 00412d20 f   MSVCRTD:utility.obj
 0002:00001d60       ___scrt_dllmain_uninitialize_critical 00412d60 f   MSVCRTD:utility.obj
 0002:00001d80       ___scrt_initialize_crt     00412d80 f   MSVCRTD:utility.obj
 0002:00001de0       ___scrt_initialize_onexit_tables 00412de0 f   MSVCRTD:utility.obj
 0002:00001f00       ___scrt_is_nonwritable_in_current_image 00412f00 f   MSVCRTD:utility.obj
 0002:00002080       ___scrt_release_startup_lock 00413080 f   MSVCRTD:utility.obj
 0002:000020b0       ___scrt_uninitialize_crt   004130b0 f   MSVCRTD:utility.obj
 0002:00002100       __onexit                   00413100 f   MSVCRTD:utility.obj
 0002:00002190       _at_quick_exit             00413190 f   MSVCRTD:utility.obj
 0002:000021f0       _atexit                    004131f0 f   MSVCRTD:utility.obj
 0002:000022c0       ___security_init_cookie    004132c0 f   MSVCRTD:gs_support.obj
 0002:00002360       __matherr                  00413360 f   MSVCRTD:matherr.obj
 0002:00002370       __get_startup_argv_mode    00413370 f   MSVCRTD:argv_mode.obj
 0002:00002380       __get_startup_commit_mode  00413380 f   MSVCRTD:commit_mode.obj
 0002:00002390       __get_startup_file_mode    00413390 f   MSVCRTD:file_mode.obj
 0002:000023a0       __get_startup_new_mode     004133a0 f   MSVCRTD:new_mode.obj
 0002:000023b0       __get_startup_thread_locale_mode 004133b0 f   MSVCRTD:thread_locale.obj
 0002:000023c0       ?__scrt_initialize_type_info@@YAXXZ 004133c0 f   MSVCRTD:tncleanup.obj
 0002:000023e0       ?__scrt_uninitialize_type_info@@YAXXZ 004133e0 f   MSVCRTD:tncleanup.obj
 0002:00002400       __should_initialize_environment 00413400 f   MSVCRTD:env_mode.obj
 0002:00002410       __initialize_default_precision 00413410 f   MSVCRTD:default_precision.obj
 0002:00002440       __initialize_invalid_parameter_handler 00413440 f   MSVCRTD:invalid_parameter_handler.obj
 0002:00002450       __initialize_denormal_control 00413450 f   MSVCRTD:denormal_control.obj
 0002:00002460       ___local_stdio_scanf_options 00413460 f i MSVCRTD:default_local_stdio_options.obj
 0002:00002470       ___scrt_initialize_default_local_stdio_options 00413470 f   MSVCRTD:default_local_stdio_options.obj
 0002:000024c0       ___scrt_is_user_matherr_present 004134c0 f   MSVCRTD:matherr_detection.obj
 0002:000024f0       ___scrt_get_dyn_tls_init_callback 004134f0 f   MSVCRTD:dyn_tls_init.obj
 0002:00002500       ___scrt_get_dyn_tls_dtor_callback 00413500 f   MSVCRTD:dyn_tls_dtor.obj
 0002:00002510       ___scrt_fastfail           00413510 f   MSVCRTD:utility_desktop.obj
 0002:000026a0       ___scrt_get_show_window_mode 004136a0 f   MSVCRTD:utility_desktop.obj
 0002:000026f0       ___scrt_initialize_mta     004136f0 f   MSVCRTD:utility_desktop.obj
 0002:00002700       ___scrt_initialize_winrt   00413700 f   MSVCRTD:utility_desktop.obj
 0002:00002710       ___scrt_is_managed_app     00413710 f   MSVCRTD:utility_desktop.obj
 0002:000027c0       ___scrt_set_unhandled_exception_filter 004137c0 f   MSVCRTD:utility_desktop.obj
 0002:000027e0       ___scrt_stub_for_initialize_mta 004137e0 f   MSVCRTD:utility_desktop.obj
 0002:000027e0       ___scrt_exe_initialize_mta 004137e0 f   MSVCRTD:utility_desktop.obj
 0002:000027f0       ___scrt_unhandled_exception_filter@4 004137f0 f   MSVCRTD:utility_desktop.obj
 0002:00002870       __crt_debugger_hook        00413870 f   MSVCRTD:utility_desktop.obj
 0002:00002890       __RTC_Initialize           00413890 f   MSVCRTD:initsect.obj
 0002:000028d0       __RTC_Terminate            004138d0 f   MSVCRTD:initsect.obj
 0002:00002910       __except_handler4          00413910 f   MSVCRTD:chandler4gs.obj
 0002:00002940       @_guard_check_icall_nop@4  00413940 f i MSVCRTD:guard_support.obj
 0002:00002950       _ReadNoFence               00413950 f i MSVCRTD:guard_support.obj
 0002:00002970       _ReadPointerNoFence        00413970 f i MSVCRTD:guard_support.obj
 0002:00002990       __guard_icall_checks_enforced 00413990 f i MSVCRTD:guard_support.obj
 0002:00002f60       ?_RTC_GetSrcLine@@YAHPAEPA_WKPAH1K@Z 00413f60 f   MSVCRTD:pdblkup.obj
 0002:000033d0       @__security_check_cookie@4 004143d0 f   MSVCRTD:secchk.obj
 0002:000033f0       __except_handler4_noexcept 004143f0 f   MSVCRTD:chandler4_noexcept.obj
 0002:00003450       ___isa_available_init      00414450 f   MSVCRTD:cpu_disp.obj
 0002:000037e0       ___scrt_is_ucrt_dll_in_use 004147e0 f   MSVCRTD:ucrt_detection.obj
 0002:00003810       ___raise_securityfailure   00414810 f   MSVCRTD:gs_report.obj
 0002:00003850       ___report_gsfailure        00414850 f   MSVCRTD:gs_report.obj
 0002:000039a0       ___report_rangecheckfailure 004149a0 f   MSVCRTD:gs_report.obj
 0002:000039b0       ___report_securityfailure  004149b0 f   MSVCRTD:gs_report.obj
 0002:00003ac0       ___report_securityfailureEx 00414ac0 f   MSVCRTD:gs_report.obj
 0002:00003c2e       ___std_type_info_destroy_list 00414c2e f   vcruntimed:VCRUNTIME140D.dll
 0002:00003c34       _memset                    00414c34 f   vcruntimed:VCRUNTIME140D.dll
 0002:00003c3a       __except_handler4_common   00414c3a f   vcruntimed:VCRUNTIME140D.dll
 0002:00003c40       ___vcrt_GetModuleFileNameW 00414c40 f   vcruntimed:VCRUNTIME140D.dll
 0002:00003c46       ___vcrt_GetModuleHandleW   00414c46 f   vcruntimed:VCRUNTIME140D.dll
 0002:00003c4c       ___vcrt_LoadLibraryExW     00414c4c f   vcruntimed:VCRUNTIME140D.dll
 0002:00003c52       ___acrt_iob_func           00414c52 f   ucrtd:ucrtbased.dll
 0002:00003c58       ___stdio_common_vfprintf   00414c58 f   ucrtd:ucrtbased.dll
 0002:00003c5e       __CrtDbgReport             00414c5e f   ucrtd:ucrtbased.dll
 0002:00003c64       __CrtDbgReportW            00414c64 f   ucrtd:ucrtbased.dll
 0002:00003c6a       __seh_filter_exe           00414c6a f   ucrtd:ucrtbased.dll
 0002:00003c70       __set_app_type             00414c70 f   ucrtd:ucrtbased.dll
 0002:00003c76       ___setusermatherr          00414c76 f   ucrtd:ucrtbased.dll
 0002:00003c7c       __configure_narrow_argv    00414c7c f   ucrtd:ucrtbased.dll
 0002:00003c82       __initialize_narrow_environment 00414c82 f   ucrtd:ucrtbased.dll
 0002:00003c88       __get_initial_narrow_environment 00414c88 f   ucrtd:ucrtbased.dll
 0002:00003c8e       __initterm                 00414c8e f   ucrtd:ucrtbased.dll
 0002:00003c94       __initterm_e               00414c94 f   ucrtd:ucrtbased.dll
 0002:00003c9a       _exit                      00414c9a f   ucrtd:ucrtbased.dll
 0002:00003ca0       __exit                     00414ca0 f   ucrtd:ucrtbased.dll
 0002:00003ca6       __set_fmode                00414ca6 f   ucrtd:ucrtbased.dll
 0002:00003cac       ___p___argc                00414cac f   ucrtd:ucrtbased.dll
 0002:00003cb2       ___p___argv                00414cb2 f   ucrtd:ucrtbased.dll
 0002:00003cb8       __cexit                    00414cb8 f   ucrtd:ucrtbased.dll
 0002:00003cbe       __c_exit                   00414cbe f   ucrtd:ucrtbased.dll
 0002:00003cc4       __register_thread_local_exe_atexit_callback 00414cc4 f   ucrtd:ucrtbased.dll
 0002:00003cca       __configthreadlocale       00414cca f   ucrtd:ucrtbased.dll
 0002:00003cd0       __set_new_mode             00414cd0 f   ucrtd:ucrtbased.dll
 0002:00003cd6       ___p__commode              00414cd6 f   ucrtd:ucrtbased.dll
 0002:00003cdc       _strcpy_s                  00414cdc f   ucrtd:ucrtbased.dll
 0002:00003ce2       _strcat_s                  00414ce2 f   ucrtd:ucrtbased.dll
 0002:00003ce8       ___stdio_common_vsprintf_s 00414ce8 f   ucrtd:ucrtbased.dll
 0002:00003cee       __seh_filter_dll           00414cee f   ucrtd:ucrtbased.dll
 0002:00003cf4       __initialize_onexit_table  00414cf4 f   ucrtd:ucrtbased.dll
 0002:00003cfa       __register_onexit_function 00414cfa f   ucrtd:ucrtbased.dll
 0002:00003d00       __execute_onexit_table     00414d00 f   ucrtd:ucrtbased.dll
 0002:00003d06       __crt_atexit               00414d06 f   ucrtd:ucrtbased.dll
 0002:00003d0c       __crt_at_quick_exit        00414d0c f   ucrtd:ucrtbased.dll
 0002:00003d12       __controlfp_s              00414d12 f   ucrtd:ucrtbased.dll
 0002:00003d18       _terminate                 00414d18 f   ucrtd:ucrtbased.dll
 0002:00003d1e       __wmakepath_s              00414d1e f   ucrtd:ucrtbased.dll
 0002:00003d24       __wsplitpath_s             00414d24 f   ucrtd:ucrtbased.dll
 0002:00003d2a       _wcscpy_s                  00414d2a f   ucrtd:ucrtbased.dll
 0002:00003d30       _GetCurrentThreadId@0      00414d30 f   kernel32:KERNEL32.dll
 0002:00003d36       _IsDebuggerPresent@0       00414d36 f   kernel32:KERNEL32.dll
 0002:00003d3c       _RaiseException@16         00414d3c f   kernel32:KERNEL32.dll
 0002:00003d42       _MultiByteToWideChar@24    00414d42 f   kernel32:KERNEL32.dll
 0002:00003d48       _WideCharToMultiByte@32    00414d48 f   kernel32:KERNEL32.dll
 0002:00003d4e       _QueryPerformanceCounter@4 00414d4e f   kernel32:KERNEL32.dll
 0002:00003d54       _GetCurrentProcessId@0     00414d54 f   kernel32:KERNEL32.dll
 0002:00003d5a       _GetSystemTimeAsFileTime@4 00414d5a f   kernel32:KERNEL32.dll
 0002:00003d60       _InitializeSListHead@4     00414d60 f   kernel32:KERNEL32.dll
 0002:00003d66       _UnhandledExceptionFilter@4 00414d66 f   kernel32:KERNEL32.dll
 0002:00003d6c       _SetUnhandledExceptionFilter@4 00414d6c f   kernel32:KERNEL32.dll
 0002:00003d72       _GetStartupInfoW@4         00414d72 f   kernel32:KERNEL32.dll
 0002:00003d78       _IsProcessorFeaturePresent@4 00414d78 f   kernel32:KERNEL32.dll
 0002:00003d7e       _GetModuleHandleW@4        00414d7e f   kernel32:KERNEL32.dll
 0002:00003d84       _GetLastError@0            00414d84 f   kernel32:KERNEL32.dll
 0002:00003d8a       _HeapAlloc@12              00414d8a f   kernel32:KERNEL32.dll
 0002:00003d90       _HeapFree@12               00414d90 f   kernel32:KERNEL32.dll
 0002:00003d96       _GetProcessHeap@0          00414d96 f   kernel32:KERNEL32.dll
 0002:00003d9c       _VirtualQuery@12           00414d9c f   kernel32:KERNEL32.dll
 0002:00003da2       _FreeLibrary@4             00414da2 f   kernel32:KERNEL32.dll
 0002:00003da8       _GetProcAddress@8          00414da8 f   kernel32:KERNEL32.dll
 0002:00003dae       _GetCurrentProcess@0       00414dae f   kernel32:KERNEL32.dll
 0002:00003db4       _TerminateProcess@8        00414db4 f   kernel32:KERNEL32.dll
 0002:00003dc0       ___scrt_stub_for_acrt_initialize 00414dc0 f   MSVCRTD:ucrt_stubs.obj
 0002:00003dc0       ___acrt_initialize         00414dc0 f   MSVCRTD:ucrt_stubs.obj
 0002:00003dc0       ___vcrt_initialize         00414dc0 f   MSVCRTD:ucrt_stubs.obj
 0002:00003dd0       ___acrt_thread_attach      00414dd0 f   MSVCRTD:ucrt_stubs.obj
 0002:00003dd0       ___vcrt_thread_attach      00414dd0 f   MSVCRTD:ucrt_stubs.obj
 0002:00003dd0       ___scrt_stub_for_acrt_thread_attach 00414dd0 f   MSVCRTD:ucrt_stubs.obj
 0002:00003de0       ___vcrt_thread_detach      00414de0 f   MSVCRTD:ucrt_stubs.obj
 0002:00003de0       ___scrt_stub_for_acrt_thread_detach 00414de0 f   MSVCRTD:ucrt_stubs.obj
 0002:00003de0       ___acrt_thread_detach      00414de0 f   MSVCRTD:ucrt_stubs.obj
 0002:00003df0       ___vcrt_uninitialize       00414df0 f   MSVCRTD:ucrt_stubs.obj
 0002:00003df0       ___acrt_uninitialize       00414df0 f   MSVCRTD:ucrt_stubs.obj
 0002:00003df0       ___scrt_stub_for_acrt_uninitialize 00414df0 f   MSVCRTD:ucrt_stubs.obj
 0002:00003e00       ___scrt_stub_for_acrt_uninitialize_critical 00414e00 f   MSVCRTD:ucrt_stubs.obj
 0002:00003e00       ___acrt_uninitialize_critical 00414e00 f   MSVCRTD:ucrt_stubs.obj
 0002:00003e00       ___vcrt_uninitialize_critical 00414e00 f   MSVCRTD:ucrt_stubs.obj
 0002:00003e10       __is_c_termination_complete 00414e10 f   MSVCRTD:ucrt_stubs.obj
 0002:00003e10       ___scrt_stub_for_is_c_termination_complete 00414e10 f   MSVCRTD:ucrt_stubs.obj
 0003:00000000       ___xc_a                    00417000     MSVCRTD:initializers.obj
 0003:00000208       ___xc_z                    00417208     MSVCRTD:initializers.obj
 0003:0000030c       ___xi_a                    0041730c     MSVCRTD:initializers.obj
 0003:00000618       ___xi_z                    00417618     MSVCRTD:initializers.obj
 0003:0000071c       ___xp_a                    0041771c     MSVCRTD:initializers.obj
 0003:00000820       ___xp_z                    00417820     MSVCRTD:initializers.obj
 0003:00000924       ___xt_a                    00417924     MSVCRTD:initializers.obj
 0003:00000a28       ___xt_z                    00417a28     MSVCRTD:initializers.obj
 0003:00000b30       ??_C@_03PMGGPEJJ@?$CFd?6@  00417b30     add.obj
 0003:00000bf0       ??_C@_0NN@NGPKDKPD@The?5value?5of?5ESP?5was?5not?5proper@ 00417bf0     MSVCRTD:error.obj
 0003:00000d00       ??_C@_0BBN@GPMLNJCF@A?5cast?5to?5a?5smaller?5data?5type?5h@ 00417d00     MSVCRTD:error.obj
 0003:00000e58       ??_C@_0BN@FFOINMNJ@Stack?5memory?5was?5corrupted?6?$AN@ 00417e58     MSVCRTD:error.obj
 0003:00000e7c       ??_C@_0DG@HKJMLLLP@A?5local?5variable?5was?5used?5befor@ 00417e7c     MSVCRTD:error.obj
 0003:00000ebc       ??_C@_0CM@NGINOKPC@Stack?5memory?5around?5_alloca?5was@ 00417ebc     MSVCRTD:error.obj
 0003:00000ef0       ??_C@_0BO@GNIAFIKK@Unknown?5Runtime?5Check?5Error?6?$AN@ 00417ef0     MSVCRTD:error.obj
 0003:00000f18       ??_C@_1GM@OLMCBDMB@?$AAR?$AAu?$AAn?$AAt?$AAi?$AAm?$AAe?$AA?5?$AAC?$AAh?$AAe?$AAc?$AAk?$AA?5?$AAE@ 00417f18     MSVCRTD:error.obj
 0003:00000fa0       ??_C@_1EA@NFKNIFJP@?$AAR?$AAu?$AAn?$AA?9?$AAT?$AAi?$AAm?$AAe?$AA?5?$AAC?$AAh?$AAe?$AAc?$AAk?$AA?5@ 00417fa0     MSVCRTD:error.obj
 0003:00000fec       ??_C@_0BB@PFFGGCJP@Unknown?5Filename@ 00417fec     MSVCRTD:error.obj
 0003:00001000       ??_C@_0BE@GNBOBNCK@Unknown?5Module?5Name@ 00418000     MSVCRTD:error.obj
 0003:00001018       ??_C@_0CA@IODNCDPG@Run?9Time?5Check?5Failure?5?$CD?$CFd?5?9?5?$CFs@ 00418018     MSVCRTD:error.obj
 0003:00001040       ??_C@_0CG@IAFNJNEE@Stack?5corrupted?5near?5unknown?5va@ 00418040     MSVCRTD:error.obj
 0003:00001070       ??_C@_05MKKEDADM@?$CF?42X?5@ 00418070     MSVCRTD:error.obj
 0003:00001078       ??_C@_0EJ@LJKNEOLN@Stack?5area?5around?5_alloca?5memor@ 00418078     MSVCRTD:error.obj
 0003:000010d0       ??_C@_01EEMJAFIK@?6@       004180d0     MSVCRTD:error.obj
 0003:000010d4       ??_C@_02LLMPMKNF@?$DO?5@   004180d4     MSVCRTD:error.obj
 0003:000010d8       ??_C@_08OMAHNMHJ@?6Data?3?5?$DM@ 004180d8     MSVCRTD:error.obj
 0003:000010e4       ??_C@_0CK@DKGBICFE@?6Allocation?5number?5within?5this?5@ 004180e4     MSVCRTD:error.obj
 0003:00001118       ??_C@_07DFDJCKFN@?6Size?3?5@ 00418118     MSVCRTD:error.obj
 0003:00001124       ??_C@_0N@MHFFIMFG@?6Address?3?50x@ 00418124     MSVCRTD:error.obj
 0003:00001138       ??_C@_0EI@CLEPFNGI@Stack?5area?5around?5_alloca?5memor@ 00418138     MSVCRTD:error.obj
 0003:00001190       ??_C@_0BK@ODNDAGKB@?$CFs?$CFs?$CFp?$CFs?$CFzd?$CFs?$CFd?$CFs?$CFs?$CFs?$CFs?$CFs@ 00418190     MSVCRTD:error.obj
 0003:000011b0       ??_C@_0DE@OHJBPMBP@A?5variable?5is?5being?5used?5withou@ 004181b0     MSVCRTD:error.obj
 0003:00001208       ??_C@_0BJ@HEGAHDFO@Stack?5pointer?5corruption@ 00418208     MSVCRTD:userapi.obj
 0003:00001228       ??_C@_0CK@FEGOIOPB@Cast?5to?5smaller?5type?5causing?5lo@ 00418228     MSVCRTD:userapi.obj
 0003:0000125c       ??_C@_0BI@CIGMDCBH@Stack?5memory?5corruption@ 0041825c     MSVCRTD:userapi.obj
 0003:00001278       ??_C@_0CK@CNLNOEPB@Local?5variable?5used?5before?5init@ 00418278     MSVCRTD:userapi.obj
 0003:000012ac       ??_C@_0BP@OGBCLIBO@Stack?5around?5_alloca?5corrupted@ 004182ac     MSVCRTD:userapi.obj
 0003:00001330       ??_C@_1EI@MLPKHBGE@?$AAa?$AAp?$AAi?$AA?9?$AAm?$AAs?$AA?9?$AAw?$AAi?$AAn?$AA?9?$AAc?$AAo?$AAr?$AAe@ 00418330     MSVCRTD:pdblkup.obj
 0003:00001388       ??_C@_1BK@JHLNAEJL@?$AAa?$AAd?$AAv?$AAa?$AAp?$AAi?$AA3?$AA2?$AA?4?$AAd?$AAl?$AAl@ 00418388     MSVCRTD:pdblkup.obj
 0003:000013a8       ??_C@_0O@COHOBMLB@RegOpenKeyExW@ 004183a8     MSVCRTD:pdblkup.obj
 0003:000013b8       ??_C@_0BB@GLNAEDBD@RegQueryValueExW@ 004183b8     MSVCRTD:pdblkup.obj
 0003:000013cc       ??_C@_0M@HLOHPNFA@RegCloseKey@ 004183cc     MSVCRTD:pdblkup.obj
 0003:000013e0       ??_C@_1HE@EBEAGLFB@?$AAS?$AAO?$AAF?$AAT?$AAW?$AAA?$AAR?$AAE?$AA?2?$AAW?$AAo?$AAw?$AA6?$AA4?$AA3@ 004183e0     MSVCRTD:pdblkup.obj
 0003:0000146c       ??_C@_1BG@EABPBLLF@?$AAP?$AAr?$AAo?$AAd?$AAu?$AAc?$AAt?$AAD?$AAi?$AAr@ 0041846c     MSVCRTD:pdblkup.obj
 0003:000014ac       ??_C@_1BC@JINFINNJ@?$AAM?$AAS?$AAP?$AAD?$AAB?$AA1?$AA4?$AA0@ 004184ac     MSVCRTD:pdblkup.obj
 0003:000014c4       ??_C@_0BB@KCIACLNC@PDBOpenValidate5@ 004184c4     MSVCRTD:pdblkup.obj
 0003:000014d8       ??_C@_01KDCPPGHE@r@        004184d8     MSVCRTD:pdblkup.obj
 0003:00001528       __load_config_used         00418528     MSVCRTD:loadcfg.obj
 0003:00001888       ___rtc_iaa                 00418888     MSVCRTD:initsect.obj
 0003:00001a90       ___rtc_izz                 00418a90     MSVCRTD:initsect.obj
 0003:00001b94       ___rtc_taa                 00418b94     MSVCRTD:initsect.obj
 0003:00001d9c       ___rtc_tzz                 00418d9c     MSVCRTD:initsect.obj
 0004:00000000       ?_RTC_ErrorLevels@@3PAHA   0041a000     MSVCRTD:error.obj
 0004:00000018       ___scrt_native_dllmain_reason 0041a018     MSVCRTD:utility.obj
 0004:0000001c       ___scrt_default_matherr    0041a01c     MSVCRTD:matherr.obj
 0004:00000020       ___security_cookie_complement 0041a020     MSVCRTD:gs_cookie.obj
 0004:00000024       ___security_cookie         0041a024     MSVCRTD:gs_cookie.obj
 0004:0000002c       ___isa_enabled             0041a02c     MSVCRTD:cpu_disp.obj
 0004:00000030       ___scrt_ucrt_dll_is_in_use 0041a030     MSVCRTD:ucrt_stubs.obj
 0004:00000034       _val                       0041a034     add.obj
 0004:00000140       ?_OptionsStorage@?1??__local_stdio_printf_options@@9@4_KA 0041a140     MSVCRTD:error.obj
 0004:00000158       ___scrt_current_native_startup_state 0041a158     MSVCRTD:utility.obj
 0004:0000015c       ___scrt_native_startup_lock 0041a15c     MSVCRTD:utility.obj
 0004:00000180       ?_OptionsStorage@?1??__local_stdio_printf_options@@9@9 0041a180     <common>
 0004:00000188       ?__type_info_root_node@@3U__type_info_node@@A 0041a188     MSVCRTD:tncleanup.obj
 0004:00000198       ?_OptionsStorage@?1??__local_stdio_scanf_options@@9@4_KA 0041a198     MSVCRTD:default_local_stdio_options.obj
 0004:000001a4       ___scrt_debugger_hook_flag 0041a1a4     MSVCRTD:utility_desktop.obj
 0004:000001b0       ___isa_available           0041a1b0     MSVCRTD:cpu_disp.obj
 0004:000001b4       ___favor                   0041a1b4     MSVCRTD:cpu_disp.obj
 0004:00000594       ___dyn_tls_dtor_callback   0041a594     <common>
 0004:000005a0       ___dyn_tls_init_callback   0041a5a0     <common>
 0004:000005ac       ___DebuggerCurrentSteppingThreadId 0041a5ac     <common>
 0005:00000000       __imp__GetLastError@0      0041b000     kernel32:KERNEL32.dll
 0005:00000004       __imp__IsDebuggerPresent@0 0041b004     kernel32:KERNEL32.dll
 0005:00000008       __imp__RaiseException@16   0041b008     kernel32:KERNEL32.dll
 0005:0000000c       __imp__MultiByteToWideChar@24 0041b00c     kernel32:KERNEL32.dll
 0005:00000010       __imp__WideCharToMultiByte@32 0041b010     kernel32:KERNEL32.dll
 0005:00000014       __imp__QueryPerformanceCounter@4 0041b014     kernel32:KERNEL32.dll
 0005:00000018       __imp__TerminateProcess@8  0041b018     kernel32:KERNEL32.dll
 0005:0000001c       __imp__GetCurrentProcess@0 0041b01c     kernel32:KERNEL32.dll
 0005:00000020       __imp__GetProcAddress@8    0041b020     kernel32:KERNEL32.dll
 0005:00000024       __imp__FreeLibrary@4       0041b024     kernel32:KERNEL32.dll
 0005:00000028       __imp__VirtualQuery@12     0041b028     kernel32:KERNEL32.dll
 0005:0000002c       __imp__GetProcessHeap@0    0041b02c     kernel32:KERNEL32.dll
 0005:00000030       __imp__HeapFree@12         0041b030     kernel32:KERNEL32.dll
 0005:00000034       __imp__HeapAlloc@12        0041b034     kernel32:KERNEL32.dll
 0005:00000038       __imp__GetCurrentThreadId@0 0041b038     kernel32:KERNEL32.dll
 0005:0000003c       __imp__GetModuleHandleW@4  0041b03c     kernel32:KERNEL32.dll
 0005:00000040       __imp__IsProcessorFeaturePresent@4 0041b040     kernel32:KERNEL32.dll
 0005:00000044       __imp__GetStartupInfoW@4   0041b044     kernel32:KERNEL32.dll
 0005:00000048       __imp__SetUnhandledExceptionFilter@4 0041b048     kernel32:KERNEL32.dll
 0005:0000004c       __imp__UnhandledExceptionFilter@4 0041b04c     kernel32:KERNEL32.dll
 0005:00000050       __imp__InitializeSListHead@4 0041b050     kernel32:KERNEL32.dll
 0005:00000054       __imp__GetSystemTimeAsFileTime@4 0041b054     kernel32:KERNEL32.dll
 0005:00000058       __imp__GetCurrentProcessId@0 0041b058     kernel32:KERNEL32.dll
 0005:0000005c       \177KERNEL32_NULL_THUNK_DATA 0041b05c     kernel32:KERNEL32.dll
 0005:00000098       __imp____vcrt_GetModuleFileNameW 0041b098     vcruntimed:VCRUNTIME140D.dll
 0005:0000009c       __imp___except_handler4_common 0041b09c     vcruntimed:VCRUNTIME140D.dll
 0005:000000a0       __imp__memset              0041b0a0     vcruntimed:VCRUNTIME140D.dll
 0005:000000a4       __imp____vcrt_GetModuleHandleW 0041b0a4     vcruntimed:VCRUNTIME140D.dll
 0005:000000a8       __imp____vcrt_LoadLibraryExW 0041b0a8     vcruntimed:VCRUNTIME140D.dll
 0005:000000ac       __imp____std_type_info_destroy_list 0041b0ac     vcruntimed:VCRUNTIME140D.dll
 0005:000000b0       \177VCRUNTIME140D_NULL_THUNK_DATA 0041b0b0     vcruntimed:VCRUNTIME140D.dll
 0005:000000e0       __imp__strcat_s            0041b0e0     ucrtd:ucrtbased.dll
 0005:000000e4       __imp____stdio_common_vsprintf_s 0041b0e4     ucrtd:ucrtbased.dll
 0005:000000e8       __imp___seh_filter_dll     0041b0e8     ucrtd:ucrtbased.dll
 0005:000000ec       __imp____p__commode        0041b0ec     ucrtd:ucrtbased.dll
 0005:000000f0       __imp___register_onexit_function 0041b0f0     ucrtd:ucrtbased.dll
 0005:000000f4       __imp___execute_onexit_table 0041b0f4     ucrtd:ucrtbased.dll
 0005:000000f8       __imp___crt_atexit         0041b0f8     ucrtd:ucrtbased.dll
 0005:000000fc       __imp___crt_at_quick_exit  0041b0fc     ucrtd:ucrtbased.dll
 0005:00000100       __imp___controlfp_s        0041b100     ucrtd:ucrtbased.dll
 0005:00000104       __imp__terminate           0041b104     ucrtd:ucrtbased.dll
 0005:00000108       __imp___wmakepath_s        0041b108     ucrtd:ucrtbased.dll
 0005:0000010c       __imp___wsplitpath_s       0041b10c     ucrtd:ucrtbased.dll
 0005:00000110       __imp__wcscpy_s            0041b110     ucrtd:ucrtbased.dll
 0005:00000114       __imp__strcpy_s            0041b114     ucrtd:ucrtbased.dll
 0005:00000118       __imp___set_new_mode       0041b118     ucrtd:ucrtbased.dll
 0005:0000011c       __imp___configthreadlocale 0041b11c     ucrtd:ucrtbased.dll
 0005:00000120       __imp___register_thread_local_exe_atexit_callback 0041b120     ucrtd:ucrtbased.dll
 0005:00000124       __imp___c_exit             0041b124     ucrtd:ucrtbased.dll
 0005:00000128       __imp___cexit              0041b128     ucrtd:ucrtbased.dll
 0005:0000012c       __imp____p___argv          0041b12c     ucrtd:ucrtbased.dll
 0005:00000130       __imp____p___argc          0041b130     ucrtd:ucrtbased.dll
 0005:00000134       __imp___set_fmode          0041b134     ucrtd:ucrtbased.dll
 0005:00000138       __imp___exit               0041b138     ucrtd:ucrtbased.dll
 0005:0000013c       __imp__exit                0041b13c     ucrtd:ucrtbased.dll
 0005:00000140       __imp___initterm_e         0041b140     ucrtd:ucrtbased.dll
 0005:00000144       __imp___initterm           0041b144     ucrtd:ucrtbased.dll
 0005:00000148       __imp___get_initial_narrow_environment 0041b148     ucrtd:ucrtbased.dll
 0005:0000014c       __imp___initialize_narrow_environment 0041b14c     ucrtd:ucrtbased.dll
 0005:00000150       __imp___configure_narrow_argv 0041b150     ucrtd:ucrtbased.dll
 0005:00000154       __imp____setusermatherr    0041b154     ucrtd:ucrtbased.dll
 0005:00000158       __imp___set_app_type       0041b158     ucrtd:ucrtbased.dll
 0005:0000015c       __imp___seh_filter_exe     0041b15c     ucrtd:ucrtbased.dll
 0005:00000160       __imp___CrtDbgReportW      0041b160     ucrtd:ucrtbased.dll
 0005:00000164       __imp___CrtDbgReport       0041b164     ucrtd:ucrtbased.dll
 0005:00000168       __imp____stdio_common_vfprintf 0041b168     ucrtd:ucrtbased.dll
 0005:0000016c       __imp____acrt_iob_func     0041b16c     ucrtd:ucrtbased.dll
 0005:00000170       __imp___initialize_onexit_table 0041b170     ucrtd:ucrtbased.dll
 0005:00000174       \177ucrtbased_NULL_THUNK_DATA 0041b174     ucrtd:ucrtbased.dll
 0005:000001bc       __IMPORT_DESCRIPTOR_VCRUNTIME140D 0041b1bc     vcruntimed:VCRUNTIME140D.dll
 0005:000001d0       __IMPORT_DESCRIPTOR_ucrtbased 0041b1d0     ucrtd:ucrtbased.dll
 0005:000001e4       __IMPORT_DESCRIPTOR_KERNEL32 0041b1e4     kernel32:KERNEL32.dll
 0005:000001f8       __NULL_IMPORT_DESCRIPTOR   0041b1f8     vcruntimed:VCRUNTIME140D.dll
 0007:00000000       ___guard_check_icall_fptr  0041d000     MSVCRTD:guard_support.obj

 entry point at        0002:00000334

 Static symbols

 0000:fffe0000       .debug$S                   00400000     ucrtd:ucrtbased.dll
 0000:fffe4000       __guard_fids_?pre_c_initialization@@YAHXZ 00400000     MSVCRTD:exe_main.obj
 0000:fffe0000       .debug$S                   00400000     vcruntimed:VCRUNTIME140D.dll
 0000:fffe0000       .debug$S                   00400000     vcruntimed:VCRUNTIME140D.dll
 0000:fffe0000       .debug$S                   00400000     vcruntimed:VCRUNTIME140D.dll
 0000:fffe4000       __guard_fids__             00400000     MSVCRTD:exe_main.obj
 0000:fffe0000       .debug$S                   00400000     ucrtd:ucrtbased.dll
 0000:fffe0000       .debug$S                   00400000     ucrtd:ucrtbased.dll
 0000:fffe4000       __guard_fids___guard_icall_checks_enforced 00400000     MSVCRTD:guard_support.obj
 0000:fffe4000       __guard_fids__             00400000     MSVCRTD:guard_support.obj
 0000:fffe4000       __guard_fids___except_handler4 00400000     MSVCRTD:chandler4gs.obj
 0000:fffe4000       __guard_fids____scrt_set_unhandled_exception_filter 00400000     MSVCRTD:utility_desktop.obj
 0000:fffe0000       .debug$S                   00400000     vcruntimed:VCRUNTIME140D.dll
 0000:fffe0000       .debug$S                   00400000     vcruntimed:VCRUNTIME140D.dll
 0000:fffe4000       __guard_fids___CRT_RTC_INIT 00400000     MSVCRTD:init.obj
 0000:fffe0000       .debug$S                   00400000     kernel32:KERNEL32.dll
 0000:fffe0000       .debug$S                   00400000     kernel32:KERNEL32.dll
 0000:fffe0000       .debug$S                   00400000     kernel32:KERNEL32.dll
 0000:fffe0000       .debug$S                   00400000     kernel32:KERNEL32.dll
 0000:fffe0000       .debug$S                   00400000     kernel32:KERNEL32.dll
 0000:fffe0000       .debug$S                   00400000     kernel32:KERNEL32.dll
 0000:fffe0000       .debug$S                   00400000     kernel32:KERNEL32.dll
 0000:fffe0000       .debug$S                   00400000     kernel32:KERNEL32.dll
 0000:fffe0000       .debug$S                   00400000     kernel32:KERNEL32.dll
 0000:fffe0000       .debug$S                   00400000     kernel32:KERNEL32.dll
 0000:fffe0000       .debug$S                   00400000     kernel32:KERNEL32.dll
 0000:fffe0000       .debug$S                   00400000     kernel32:KERNEL32.dll
 0000:fffe0000       .debug$S                   00400000     kernel32:KERNEL32.dll
 0000:fffe0000       .debug$S                   00400000     kernel32:KERNEL32.dll
 0000:fffe0000       .debug$S                   00400000     kernel32:KERNEL32.dll
 0000:fffe0000       .debug$S                   00400000     kernel32:KERNEL32.dll
 0000:fffe0000       .debug$S                   00400000     kernel32:KERNEL32.dll
 0000:fffe0000       .debug$S                   00400000     kernel32:KERNEL32.dll
 0000:fffe0000       .debug$S                   00400000     kernel32:KERNEL32.dll
 0000:fffe0000       .debug$S                   00400000     kernel32:KERNEL32.dll
 0000:fffe0000       .debug$S                   00400000     kernel32:KERNEL32.dll
 0000:fffe0000       .debug$S                   00400000     kernel32:KERNEL32.dll
 0000:fffe0000       .debug$S                   00400000     kernel32:KERNEL32.dll
 0000:fffe4000       __guard_fids___CRT_RTC_INITW 00400000     MSVCRTD:init.obj
 0000:fffe0000       .debug$S                   00400000     ucrtd:ucrtbased.dll
 0000:fffe0000       .debug$S                   00400000     ucrtd:ucrtbased.dll
 0000:fffe0000       .debug$S                   00400000     ucrtd:ucrtbased.dll
 0000:fffe0000       .debug$S                   00400000     ucrtd:ucrtbased.dll
 0000:fffe0000       .debug$S                   00400000     ucrtd:ucrtbased.dll
 0000:fffe0000       .debug$S                   00400000     ucrtd:ucrtbased.dll
 0000:fffe0000       .debug$S                   00400000     ucrtd:ucrtbased.dll
 0000:fffe0000       .debug$S                   00400000     ucrtd:ucrtbased.dll
 0000:fffe0000       .debug$S                   00400000     ucrtd:ucrtbased.dll
 0000:fffe0000       .debug$S                   00400000     ucrtd:ucrtbased.dll
 0000:fffe0000       .debug$S                   00400000     ucrtd:ucrtbased.dll
 0000:fffe0000       .debug$S                   00400000     ucrtd:ucrtbased.dll
 0000:fffe0000       .debug$S                   00400000     ucrtd:ucrtbased.dll
 0000:fffe0000       .debug$S                   00400000     ucrtd:ucrtbased.dll
 0000:fffe0000       .debug$S                   00400000     ucrtd:ucrtbased.dll
 0000:fffe0000       .debug$S                   00400000     ucrtd:ucrtbased.dll
 0000:fffe0000       .debug$S                   00400000     ucrtd:ucrtbased.dll
 0000:fffe0000       .debug$S                   00400000     ucrtd:ucrtbased.dll
 0000:fffe0000       .debug$S                   00400000     ucrtd:ucrtbased.dll
 0000:fffe0000       .debug$S                   00400000     ucrtd:ucrtbased.dll
 0000:fffe0000       .debug$S                   00400000     ucrtd:ucrtbased.dll
 0000:fffe0000       .debug$S                   00400000     ucrtd:ucrtbased.dll
 0000:fffe0000       .debug$S                   00400000     ucrtd:ucrtbased.dll
 0000:fffe0000       .debug$S                   00400000     ucrtd:ucrtbased.dll
 0000:fffe0000       .debug$S                   00400000     ucrtd:ucrtbased.dll
 0000:fffe0000       .debug$S                   00400000     ucrtd:ucrtbased.dll
 0000:fffe0000       .debug$S                   00400000     ucrtd:ucrtbased.dll
 0000:fffe0000       .debug$S                   00400000     ucrtd:ucrtbased.dll
 0000:fffe0000       .debug$S                   00400000     vcruntimed:VCRUNTIME140D.dll
 0000:fffe0000       .debug$S                   00400000     ucrtd:ucrtbased.dll
 0000:fffe0000       .debug$S                   00400000     ucrtd:ucrtbased.dll
 0000:fffe0000       .debug$S                   00400000     ucrtd:ucrtbased.dll
 0000:fffe0000       .debug$S                   00400000     ucrtd:ucrtbased.dll
 0000:fffe0000       .debug$S                   00400000     ucrtd:ucrtbased.dll
 0000:fffe0000       .debug$S                   00400000     ucrtd:ucrtbased.dll
 0000:fffe4004       __guard_fids__             00400004     MSVCRTD:exe_main.obj
 0000:fffe4008       __guard_fids__             00400008     MSVCRTD:exe_main.obj
 0002:00000c00       ?pre_c_initialization@@YAHXZ 00411c00 f   MSVCRTD:exe_main.obj
 0002:00000ce0       ?post_pgo_initialization@@YAHXZ 00411ce0 f   MSVCRTD:exe_main.obj
 0002:00000cf0       ?pre_cpp_initialization@@YAXXZ 00411cf0 f   MSVCRTD:exe_main.obj
 0002:00000d10       ?__scrt_common_main@@YAHXZ 00411d10 f   MSVCRTD:exe_main.obj
 0002:00000d30       ?__scrt_common_main_seh@@YAHXZ 00411d30 f   MSVCRTD:exe_main.obj
 0002:00001000       ?invoke_main@@YAHXZ        00412000 f   MSVCRTD:exe_main.obj
 0002:000010a0       ?DebuggerProbe@@YA_NK@Z    004120a0 f   MSVCRTD:error.obj
 0002:000010f0       ?DebuggerRuntime@@YA_NKHPAXPB_W@Z 004120f0 f   MSVCRTD:error.obj
 0002:000013c0       ?_getMemBlockDataString@@YAXPAD0PBDI@Z 004123c0 f   MSVCRTD:error.obj
 0002:00001450       ?_strlen_priv@@YAIPBD@Z    00412450 f   MSVCRTD:error.obj
 0002:00001470       ?failwithmessage@@YAXPAXHHPBD@Z 00412470 f   MSVCRTD:error.obj
 0002:000016f0       ?notify_debugger@@YAXABUtagEXCEPTION_VISUALCPP_DEBUG_INFO@@@Z 004126f0 f   MSVCRTD:error.obj
 0002:00001a40       ?find_pe_section@@YAPAU_IMAGE_SECTION_HEADER@@QAEI@Z 00412a40 f   MSVCRTD:utility.obj
 0002:00001af0       ?is_potentially_valid_image_base@@YA_NQAX@Z 00412af0 f   MSVCRTD:utility.obj
 0002:00002230       ___get_entropy             00413230 f   MSVCRTD:gs_support.obj
 0002:000029d0       ?GetPdbDll@@YAPAUHINSTANCE__@@XZ 004139d0 f   MSVCRTD:pdblkup.obj
 0002:00002b60       ?GetPdbDllFromInstallPath@@YAPAUHINSTANCE__@@XZ 00413b60 f   MSVCRTD:pdblkup.obj
 0002:00002e50       ?GetPdbDllPathFromFilePath@@YAHPB_WPA_WI@Z 00413e50 f   MSVCRTD:pdblkup.obj
 0003:00000104       ?pre_cpp_initializer@@3P6AXXZA 00417104     MSVCRTD:exe_main.obj
 0003:00000410       ?pre_c_initializer@@3P6AHXZA 00417410     MSVCRTD:exe_main.obj
 0003:00000514       ?post_pgo_initializer@@3P6AHXZA 00417514     MSVCRTD:exe_main.obj
 0003:00000b34       ?_RTC_ErrorMessages@@3QBQBDB 00417b34     MSVCRTD:error.obj
 0003:00000b4c       ?_RTC_NoFalsePositives@@3QBHB 00417b4c     MSVCRTD:error.obj
 0003:00000b64       ?stack_premsg@@3QBDB       00417b64     MSVCRTD:error.obj
 0003:00000b80       ?stack_postmsg@@3QBDB      00417b80     MSVCRTD:error.obj
 0003:00000b94       ?uninit_premsg@@3QBDB      00417b94     MSVCRTD:error.obj
 0003:00000ba4       ?uninit_postmsg@@3QBDB     00417ba4     MSVCRTD:error.obj
 0003:000011f0       ?_RTC_errlist@@3QBQBDB     004181f0     MSVCRTD:userapi.obj
 0003:000012d4       ?mspdbName@@3QB_WB         004182d4     MSVCRTD:pdblkup.obj
 0003:000012f8       ?debugCrtFileName@@3QB_WB  004182f8     MSVCRTD:pdblkup.obj
 0003:00001488       ?dllExt@?1??GetPdbDllPathFromFilePath@@YAHPB_WPA_WI@Z@4QB_WB 00418488     MSVCRTD:pdblkup.obj
 0003:00001494       ?mspdbFilename@?1??GetPdbDllPathFromFilePath@@YAHPB_WPA_WI@Z@4QB_WB 00418494     MSVCRTD:pdblkup.obj
 0003:000014dc       _GS_ExceptionPointers      004184dc     MSVCRTD:gs_report.obj
 0003:0000198c       __RTC_InitBase.rtc$IMZ     0041898c     add.obj
 0003:00001c98       __RTC_Shutdown.rtc$TMZ     00418c98     add.obj
 0003:00001ea0       __sehtable$?__scrt_common_main_seh@@YAHXZ 00418ea0     MSVCRTD:exe_main.obj
 0003:00001ec0       __sehtable$?notify_debugger@@YAXABUtagEXCEPTION_VISUALCPP_DEBUG_INFO@@@Z 00418ec0     MSVCRTD:error.obj
 0003:00001ee0       __sehtable$___scrt_is_nonwritable_in_current_image 00418ee0     MSVCRTD:utility.obj
 0004:00000038       _sum                       0041a038     add.obj
 0004:00000138       ?init@?1??_RTC_InitBase@@9@4_NA 0041a138     MSVCRTD:init.obj
 0004:0000014c       ?_RTC_ErrorReportFunc@@3P6AHHPBDH00ZZA 0041a14c     MSVCRTD:userapi.obj
 0004:00000150       ?_RTC_ErrorReportFuncW@@3P6AHHPB_WH00ZZA 0041a150     MSVCRTD:userapi.obj
 0004:00000160       ?is_initialized_as_dll@@3_NA 0041a160     MSVCRTD:utility.obj
 0004:00000161       ?module_local_atexit_table_initialized@@3_NA 0041a161     MSVCRTD:utility.obj
 0004:00000164       ?module_local_atexit_table@@3U_onexit_table_t@@A 0041a164     MSVCRTD:utility.obj
 0004:00000170       ?module_local_at_quick_exit_table@@3U_onexit_table_t@@A 0041a170     MSVCRTD:utility.obj
 0004:000001a8       ?mspdb@@3PAUHINSTANCE__@@A 0041a1a8     MSVCRTD:pdblkup.obj
 0004:000001ac       ?alreadyTried@?1??GetPdbDll@@YAPAUHINSTANCE__@@XZ@4_NA 0041a1ac     MSVCRTD:pdblkup.obj
 0004:000001ad       ?PDBOK@?1??_RTC_GetSrcLine@@YAHPAEPA_WKPAH1K@Z@4_NA 0041a1ad     MSVCRTD:pdblkup.obj
 0004:000001c0       _GS_ExceptionRecord        0041a1c0     MSVCRTD:gs_report.obj
 0004:00000210       _GS_ContextRecord          0041a210     MSVCRTD:gs_report.obj
 0005:0000045a       .idata$6                   0041b45a     vcruntimed:VCRUNTIME140D.dll
 0005:0000071c       .idata$6                   0041b71c     ucrtd:ucrtbased.dll
 0005:00000900       .idata$6                   0041b900     kernel32:KERNEL32.dll
 0006:00000000       __5CB118B2_corecrt_stdio_config@h 0041c000     add.obj
 0006:00000001       __E1751F56_corecrt_wstdio@h 0041c001     add.obj
 0006:00000002       __1A56FFCE_stdio@h         0041c002     add.obj
 0006:00000003       __A58F93D2_add@c           0041c003     add.obj
 0008:00000170       $R000000                   0041e170     * linker generated manifest res *
